// Jest Snapshot v1, https://goo.gl/fbAQLP

exports[`<Main /> should render the heading 1`] = `
<main
  class="styles__Wrapper-sc-1imwg5e-0 cEqkzU"
>
  <img
    alt="Imagem de um átomo e React Avançado escrito ao lado"
    class="styles__Logo-sc-1imwg5e-1 fkdDqQ"
    src="/img/logo.svg"
  />
  <h1
    class="styles__Title-sc-1imwg5e-2 gbrRZO"
  >
    React Avançado
  </h1>
  <h2
    class="styles__Description-sc-1imwg5e-3 geXxud"
  >
    TypeScript, React, NextJS e Styled Componets
  </h2>
  <img
    alt="Um desenvolvedor de frente para uma tela com código"
    class="styles__Illustration-sc-1imwg5e-4 kGWhJg"
    src="/img/hero-illustration.svg"
  />
</main>
`;
